../Core/Src/main.c:86:5:main	8	static
../Core/Src/main.c:135:6:SystemClock_Config	88	static
../Core/Src/main.c:182:13:MX_ADC1_Init	56	static
../Core/Src/main.c:250:13:MX_I2C1_Init	8	static
../Core/Src/main.c:298:13:MX_LPUART1_UART_Init	8	static
../Core/Src/main.c:345:13:MX_SPI1_Init	8	static
../Core/Src/main.c:385:13:MX_GPIO_Init	48	static
../Core/Src/main.c:472:1:__io_putchar	16	static
../Core/Src/main.c:481:1:__io_getchar	16	static
../Core/Src/main.c:500:6:Error_Handler	4	static,ignoring_inline_asm
